2026-10-05 20:59:13  WARNING   scrapers.redfin  Redfin region lookup failed for 'Brookline, MA' (v=2): 404 Client Error: Not Found for url: https://www.redfin.com/stingray/api/search/autocomplete?location=Brookline%2C+MA&v=2
2026-10-05 20:59:13  WARNING   scrapers.redfin  Redfin region lookup failed for 'Brookline, MA' (v=3): 404 Client Error: Not Found for url: https://www.redfin.com/stingray/api/search/autocomplete?location=Brookline%2C+MA&v=3
2026-10-05 20:59:13  INFO      scrapers.redfin  Redfin search: Brookline, MA  region_id=36099  region_type=6
2026-10-05 20:59:13  INFO      scrapers.redfin  Redfin returned 203 homes for Brookline, MA
2026-10-05 20:59:13  INFO      scrapers.redfin  Redfin sample home fields: price={'value': 4375000, 'level': 1} beds=5 baths=5.5 sqft={'value': 3539, 'level': 1} photoUrls=None
2026-10-05 20:59:13  INFO      scrapers.redfin  Redfin GIS home keys: ['mlsId', 'showMlsId', 'mlsStatus', 'showDatasourceLogo', 'price', 'hideSalePrice', 'hoa', 'isHoaFrequencyKnown', 'sqFt', 'pricePerSqFt', 'lotSize', 'beds', 'baths', 'fullBaths', 'partialBaths', 'location', 'stories', 'latLong', 'streetLine', 'unitNumber', 'city', 'state', 'zip', 'postalCode', 'countryCode', 'showAddressOnMap', 'searchStatus', 'propertyType', 'uiPropertyType', 'listingType', 'propertyId', 'listingId', 'dataSourceId', 'isEarlyAccess', 'marketId', 'yearBuilt', 'dom', 'timeOnRedfin', 'originalTimeOnRedfin', 'timeZone', 'primaryPhotoDisplayLevel', 'photos', 'numPictures', 'additionalPhotosInfo', 'photoFormat', 'url', 'hasInsight', 'sashes', 'keyFacts', 'listingTags', 'isHot', 'hasVirtualTour', 'hasVideoTour', 'has3DTour', 'hasInteractiveFloorplan', 'newConstructionCommunityInfo', 'isRedfin', 'isNewConstruction', 'listingRemarks', 'remarksAccessLevel', 'businessMarketId', 'isShortlisted', 'isViewedListing', 'skGarageSpaces', 'skParkingSpaces', 'skPoolType']
2026-10-05 20:59:13  WARNING   scrapers.redfin  aboveTheFold photo fetch failed for 11482797: 403 Client Error: Forbidden for url: https://www.redfin.com/stingray/api/home/details/aboveTheFold?propertyId=11482797&accessLevel=1
2026-10-05 20:59:14  WARNING   scrapers.redfin  aboveTheFold photo fetch failed for 11482653: 403 Client Error: Forbidden for url: https://www.redfin.com/stingray/api/home/details/aboveTheFold?propertyId=11482653&accessLevel=1
2026-10-05 20:59:14  WARNING   scrapers.redfin  aboveTheFold photo fetch failed for 11499915: 403 Client Error: Forbidden for url: https://www.redfin.com/stingray/api/home/details/aboveTheFold?propertyId=11499915&accessLevel=1
2026-10-05 20:59:14  WARNING   scrapers.redfin  aboveTheFold photo fetch failed for 11498708: 403 Client Error: Forbidden for url: https://www.redfin.com/stingray/api/home/details/aboveTheFold?propertyId=11498708&accessLevel=1
2026-10-05 20:59:15  WARNING   scrapers.redfin  aboveTheFold photo fetch failed for 11475610: 403 Client Error: Forbidden for url: https://www.redfin.com/stingray/api/home/details/aboveTheFold?propertyId=11475610&accessLevel=1
2026-10-05 20:59:16  WARNING   scrapers.redfin  aboveTheFold photo fetch failed for 11450632: 403 Client Error: Forbidden for url: https://www.redfin.com/stingray/api/home/details/aboveTheFold?propertyId=11450632&accessLevel=1
2026-10-05 20:59:16  WARNING   scrapers.redfin  aboveTheFold photo fetch failed for 11497759: 403 Client Error: Forbidden for url: https://www.redfin.com/stingray/api/home/details/aboveTheFold?propertyId=11497759&accessLevel=1
2026-10-05 20:59:17  WARNING   scrapers.redfin  aboveTheFold photo fetch failed for 11482917: 403 Client Error: Forbidden for url: https://www.redfin.com/stingray/api/home/details/aboveTheFold?propertyId=11482917&accessLevel=1
2026-10-05 20:59:17  WARNING   scrapers.redfin  aboveTheFold photo fetch failed for 11482275: 403 Client Error: Forbidden for url: https://www.redfin.com/stingray/api/home/details/aboveTheFold?propertyId=11482275&accessLevel=1
2026-10-05 20:59:17  WARNING   scrapers.redfin  aboveTheFold photo fetch failed for 11492872: 403 Client Error: Forbidden for url: https://www.redfin.com/stingray/api/home/details/aboveTheFold?propertyId=11492872&accessLevel=1
2026-10-05 20:59:18  WARNING   scrapers.redfin  aboveTheFold photo fetch failed for 54576160: 403 Client Error: Forbidden for url: https://www.redfin.com/stingray/api/home/details/aboveTheFold?propertyId=54576160&accessLevel=1
2026-10-05 20:59:18  WARNING   scrapers.redfin  aboveTheFold photo fetch failed for 201622064: 403 Client Error: Forbidden for url: https://www.redfin.com/stingray/api/home/details/aboveTheFold?propertyId=201622064&accessLevel=1
2026-10-05 20:59:18  WARNING   scrapers.redfin  aboveTheFold photo fetch failed for 11484591: 403 Client Error: Forbidden for url: https://www.redfin.com/stingray/api/home/details/aboveTheFold?propertyId=11484591&accessLevel=1
2026-10-05 20:59:19  WARNING   scrapers.redfin  aboveTheFold photo fetch failed for 189954134: 403 Client Error: Forbidden for url: https://www.redfin.com/stingray/api/home/details/aboveTheFold?propertyId=189954134&accessLevel=1
2026-10-05 20:59:19  WARNING   scrapers.redfin  aboveTheFold photo fetch failed for 11466549: 403 Client Error: Forbidden for url: https://www.redfin.com/stingray/api/home/details/aboveTheFold?propertyId=11466549&accessLevel=1
2026-10-05 20:59:19  WARNING   scrapers.redfin  aboveTheFold photo fetch failed for 182600176: 403 Client Error: Forbidden for url: https://www.redfin.com/stingray/api/home/details/aboveTheFold?propertyId=182600176&accessLevel=1
2026-10-05 20:59:20  WARNING   scrapers.redfin  aboveTheFold photo fetch failed for 113514596: 403 Client Error: Forbidden for url: https://www.redfin.com/stingray/api/home/details/aboveTheFold?propertyId=113514596&accessLevel=1
2026-10-05 20:59:21  WARNING   scrapers.redfin  aboveTheFold photo fetch failed for 11489751: 403 Client Error: Forbidden for url: https://www.redfin.com/stingray/api/home/details/aboveTheFold?propertyId=11489751&accessLevel=1
2026-10-05 20:59:21  INFO      scrapers.zillow  Zillow search: Brookline, MA  url=https://www.zillow.com/homes/for_sale/Brookline-MA_rb/?searchQueryState=%7B%22pagination%22%3A%7B%7D%2C%22filterState%22%3A%7B%22price%22%3A%7B%22min%22%3A2200000%2C%22max%22%3A3500000%7D%2C%22beds%22%3A%7B%22min%22%3A4%7D%2C%22baths%22%3A%7B%22min%22%3A3%7D%2C%22sqft%22%3A%7B%22min%22%3A3500%7D%2C%22isForSaleByAgent%22%3A%7B%22value%22%3Atrue%7D%2C%22isForSaleByOwner%22%3A%7B%22value%22%3Afalse%7D%2C%22isNewConstruction%22%3A%7B%22value%22%3Afalse%7D%2C%22isComingSoon%22%3A%7B%22value%22%3Afalse%7D%2C%22isAuction%22%3A%7B%22value%22%3Afalse%7D%2C%22isForSaleForeclosure%22%3A%7B%22value%22%3Afalse%7D%7D%2C%22isListVisible%22%3Atrue%7D
2026-10-05 20:59:22  WARNING   scrapers.zillow  Zillow: no __NEXT_DATA__ found for Brookline, MA (possible bot block)
2026-10-05 20:59:22  INFO      scrapers.compass  Compass search: Brookline, MA  url=https://www.compass.com/homes-for-sale/brookline-ma/price-2200000,3500000/beds-4+/baths-3+/sqft-3500+/
2026-10-05 20:59:24  WARNING   scrapers.compass  Compass: could not parse listings for Brookline, MA (possible bot block)
2026-10-05 20:59:24  WARNING   scrapers.redfin  Redfin region lookup failed for 'Newton, MA' (v=2): 404 Client Error: Not Found for url: https://www.redfin.com/stingray/api/search/autocomplete?location=Newton%2C+MA&v=2
2026-10-05 20:59:24  WARNING   scrapers.redfin  Redfin region lookup failed for 'Newton, MA' (v=3): 404 Client Error: Not Found for url: https://www.redfin.com/stingray/api/search/autocomplete?location=Newton%2C+MA&v=3
2026-10-05 20:59:24  INFO      scrapers.redfin  Redfin search: Newton, MA  region_id=11619  region_type=6
2026-10-05 20:59:25  INFO      scrapers.redfin  Redfin returned 289 homes for Newton, MA
2026-10-05 20:59:25  INFO      scrapers.redfin  Redfin sample home fields: price={'value': 1250000, 'level': 1} beds=3 baths=1.5 sqft={'value': 1936, 'level': 1} photoUrls=None
2026-10-05 20:59:25  INFO      scrapers.redfin  Redfin GIS home keys: ['mlsId', 'showMlsId', 'mlsStatus', 'showDatasourceLogo', 'price', 'hideSalePrice', 'hoa', 'isHoaFrequencyKnown', 'sqFt', 'pricePerSqFt', 'lotSize', 'beds', 'baths', 'fullBaths', 'partialBaths', 'location', 'latLong', 'streetLine', 'unitNumber', 'city', 'state', 'zip', 'postalCode', 'countryCode', 'showAddressOnMap', 'soldDate', 'searchStatus', 'propertyType', 'uiPropertyType', 'listingType', 'propertyId', 'listingId', 'dataSourceId', 'isEarlyAccess', 'marketId', 'yearBuilt', 'dom', 'timeOnRedfin', 'originalTimeOnRedfin', 'timeZone', 'primaryPhotoDisplayLevel', 'photos', 'numPictures', 'additionalPhotosInfo', 'photoFormat', 'openHouseStart', 'openHouseEnd', 'openHouseStartFormatted', 'openHouseEventName', 'url', 'hasInsight', 'sashes', 'keyFacts', 'listingTags', 'isHot', 'hasVirtualTour', 'hasVideoTour', 'has3DTour', 'hasInteractiveFloorplan', 'newConstructionCommunityInfo', 'isRedfin', 'isNewConstruction', 'listingRemarks', 'remarksAccessLevel', 'businessMarketId', 'isShortlisted', 'isViewedListing', 'skGarageSpaces', 'skParkingSpaces', 'skPoolType']
2026-10-05 20:59:25  WARNING   scrapers.redfin  aboveTheFold photo fetch failed for 11465408: 403 Client Error: Forbidden for url: https://www.redfin.com/stingray/api/home/details/aboveTheFold?propertyId=11465408&accessLevel=1
2026-10-05 20:59:26  WARNING   scrapers.redfin  aboveTheFold photo fetch failed for 11490763: 403 Client Error: Forbidden for url: https://www.redfin.com/stingray/api/home/details/aboveTheFold?propertyId=11490763&accessLevel=1
2026-10-05 20:59:26  WARNING   scrapers.redfin  aboveTheFold photo fetch failed for 11429733: 403 Client Error: Forbidden for url: https://www.redfin.com/stingray/api/home/details/aboveTheFold?propertyId=11429733&accessLevel=1
2026-10-05 20:59:26  WARNING   scrapers.redfin  aboveTheFold photo fetch failed for 11466238: 403 Client Error: Forbidden for url: https://www.redfin.com/stingray/api/home/details/aboveTheFold?propertyId=11466238&accessLevel=1
2026-10-05 20:59:27  WARNING   scrapers.redfin  aboveTheFold photo fetch failed for 11454430: 403 Client Error: Forbidden for url: https://www.redfin.com/stingray/api/home/details/aboveTheFold?propertyId=11454430&accessLevel=1
2026-10-05 20:59:27  WARNING   scrapers.redfin  aboveTheFold photo fetch failed for 11462942: 403 Client Error: Forbidden for url: https://www.redfin.com/stingray/api/home/details/aboveTheFold?propertyId=11462942&accessLevel=1
2026-10-05 20:59:28  WARNING   scrapers.redfin  aboveTheFold photo fetch failed for 11426947: 403 Client Error: Forbidden for url: https://www.redfin.com/stingray/api/home/details/aboveTheFold?propertyId=11426947&accessLevel=1
2026-10-05 20:59:28  WARNING   scrapers.redfin  aboveTheFold photo fetch failed for 11486124: 403 Client Error: Forbidden for url: https://www.redfin.com/stingray/api/home/details/aboveTheFold?propertyId=11486124&accessLevel=1
2026-10-05 20:59:28  WARNING   scrapers.redfin  aboveTheFold photo fetch failed for 11463252: 403 Client Error: Forbidden for url: https://www.redfin.com/stingray/api/home/details/aboveTheFold?propertyId=11463252&accessLevel=1
2026-10-05 20:59:29  WARNING   scrapers.redfin  aboveTheFold photo fetch failed for 11478836: 403 Client Error: Forbidden for url: https://www.redfin.com/stingray/api/home/details/aboveTheFold?propertyId=11478836&accessLevel=1
2026-10-05 20:59:29  WARNING   scrapers.redfin  aboveTheFold photo fetch failed for 11485019: 403 Client Error: Forbidden for url: https://www.redfin.com/stingray/api/home/details/aboveTheFold?propertyId=11485019&accessLevel=1
2026-10-05 20:59:29  WARNING   scrapers.redfin  aboveTheFold photo fetch failed for 11422704: 403 Client Error: Forbidden for url: https://www.redfin.com/stingray/api/home/details/aboveTheFold?propertyId=11422704&accessLevel=1
2026-10-05 20:59:30  WARNING   scrapers.redfin  aboveTheFold photo fetch failed for 11475471: 403 Client Error: Forbidden for url: https://www.redfin.com/stingray/api/home/details/aboveTheFold?propertyId=11475471&accessLevel=1
2026-10-05 20:59:30  WARNING   scrapers.redfin  aboveTheFold photo fetch failed for 205363475: 403 Client Error: Forbidden for url: https://www.redfin.com/stingray/api/home/details/aboveTheFold?propertyId=205363475&accessLevel=1
2026-10-05 20:59:30  WARNING   scrapers.redfin  aboveTheFold photo fetch failed for 204650102: 403 Client Error: Forbidden for url: https://www.redfin.com/stingray/api/home/details/aboveTheFold?propertyId=204650102&accessLevel=1
2026-10-05 20:59:31  WARNING   scrapers.redfin  aboveTheFold photo fetch failed for 177866907: 403 Client Error: Forbidden for url: https://www.redfin.com/stingray/api/home/details/aboveTheFold?propertyId=177866907&accessLevel=1
2026-10-05 20:59:31  WARNING   scrapers.redfin  aboveTheFold photo fetch failed for 11411156: 403 Client Error: Forbidden for url: https://www.redfin.com/stingray/api/home/details/aboveTheFold?propertyId=11411156&accessLevel=1
2026-10-05 20:59:31  WARNING   scrapers.redfin  aboveTheFold photo fetch failed for 11484629: 403 Client Error: Forbidden for url: https://www.redfin.com/stingray/api/home/details/aboveTheFold?propertyId=11484629&accessLevel=1
2026-10-05 20:59:32  WARNING   scrapers.redfin  aboveTheFold photo fetch failed for 205670224: 403 Client Error: Forbidden for url: https://www.redfin.com/stingray/api/home/details/aboveTheFold?propertyId=205670224&accessLevel=1
2026-10-05 20:59:32  WARNING   scrapers.redfin  aboveTheFold photo fetch failed for 49750073: 403 Client Error: Forbidden for url: https://www.redfin.com/stingray/api/home/details/aboveTheFold?propertyId=49750073&accessLevel=1
2026-10-05 20:59:32  WARNING   scrapers.redfin  aboveTheFold photo fetch failed for 11491017: 403 Client Error: Forbidden for url: https://www.redfin.com/stingray/api/home/details/aboveTheFold?propertyId=11491017&accessLevel=1
2026-10-05 20:59:33  WARNING   scrapers.redfin  aboveTheFold photo fetch failed for 11450952: 403 Client Error: Forbidden for url: https://www.redfin.com/stingray/api/home/details/aboveTheFold?propertyId=11450952&accessLevel=1
2026-10-05 20:59:33  WARNING   scrapers.redfin  aboveTheFold photo fetch failed for 11446174: 403 Client Error: Forbidden for url: https://www.redfin.com/stingray/api/home/details/aboveTheFold?propertyId=11446174&accessLevel=1
2026-10-05 20:59:33  WARNING   scrapers.redfin  aboveTheFold photo fetch failed for 11483841: 403 Client Error: Forbidden for url: https://www.redfin.com/stingray/api/home/details/aboveTheFold?propertyId=11483841&accessLevel=1
2026-10-05 20:59:34  WARNING   scrapers.redfin  aboveTheFold photo fetch failed for 11444468: 403 Client Error: Forbidden for url: https://www.redfin.com/stingray/api/home/details/aboveTheFold?propertyId=11444468&accessLevel=1
2026-10-05 20:59:34  WARNING   scrapers.redfin  aboveTheFold photo fetch failed for 11485296: 403 Client Error: Forbidden for url: https://www.redfin.com/stingray/api/home/details/aboveTheFold?propertyId=11485296&accessLevel=1
2026-10-05 20:59:35  WARNING   scrapers.redfin  aboveTheFold photo fetch failed for 11445239: 403 Client Error: Forbidden for url: https://www.redfin.com/stingray/api/home/details/aboveTheFold?propertyId=11445239&accessLevel=1
2026-10-05 20:59:35  WARNING   scrapers.redfin  aboveTheFold photo fetch failed for 177814117: 403 Client Error: Forbidden for url: https://www.redfin.com/stingray/api/home/details/aboveTheFold?propertyId=177814117&accessLevel=1
2026-10-05 20:59:36  WARNING   scrapers.redfin  aboveTheFold photo fetch failed for 11465986: 403 Client Error: Forbidden for url: https://www.redfin.com/stingray/api/home/details/aboveTheFold?propertyId=11465986&accessLevel=1
2026-10-05 20:59:36  WARNING   scrapers.redfin  aboveTheFold photo fetch failed for 11438359: 403 Client Error: Forbidden for url: https://www.redfin.com/stingray/api/home/details/aboveTheFold?propertyId=11438359&accessLevel=1
2026-10-05 20:59:36  WARNING   scrapers.redfin  aboveTheFold photo fetch failed for 11490505: 403 Client Error: Forbidden for url: https://www.redfin.com/stingray/api/home/details/aboveTheFold?propertyId=11490505&accessLevel=1
2026-10-05 20:59:37  WARNING   scrapers.redfin  aboveTheFold photo fetch failed for 11492038: 403 Client Error: Forbidden for url: https://www.redfin.com/stingray/api/home/details/aboveTheFold?propertyId=11492038&accessLevel=1
2026-10-05 20:59:37  WARNING   scrapers.redfin  aboveTheFold photo fetch failed for 11458103: 403 Client Error: Forbidden for url: https://www.redfin.com/stingray/api/home/details/aboveTheFold?propertyId=11458103&accessLevel=1
2026-10-05 20:59:38  WARNING   scrapers.redfin  aboveTheFold photo fetch failed for 11489565: 403 Client Error: Forbidden for url: https://www.redfin.com/stingray/api/home/details/aboveTheFold?propertyId=11489565&accessLevel=1
2026-10-05 20:59:38  WARNING   scrapers.redfin  aboveTheFold photo fetch failed for 11486484: 403 Client Error: Forbidden for url: https://www.redfin.com/stingray/api/home/details/aboveTheFold?propertyId=11486484&accessLevel=1
2026-10-05 20:59:38  WARNING   scrapers.redfin  aboveTheFold photo fetch failed for 11500884: 403 Client Error: Forbidden for url: https://www.redfin.com/stingray/api/home/details/aboveTheFold?propertyId=11500884&accessLevel=1
2026-10-05 20:59:39  WARNING   scrapers.redfin  aboveTheFold photo fetch failed for 11473791: 403 Client Error: Forbidden for url: https://www.redfin.com/stingray/api/home/details/aboveTheFold?propertyId=11473791&accessLevel=1
2026-10-05 20:59:39  WARNING   scrapers.redfin  aboveTheFold photo fetch failed for 11472520: 403 Client Error: Forbidden for url: https://www.redfin.com/stingray/api/home/details/aboveTheFold?propertyId=11472520&accessLevel=1
2026-10-05 20:59:39  WARNING   scrapers.redfin  aboveTheFold photo fetch failed for 202036196: 403 Client Error: Forbidden for url: https://www.redfin.com/stingray/api/home/details/aboveTheFold?propertyId=202036196&accessLevel=1
2026-10-05 20:59:40  WARNING   scrapers.redfin  aboveTheFold photo fetch failed for 11420742: 403 Client Error: Forbidden for url: https://www.redfin.com/stingray/api/home/details/aboveTheFold?propertyId=11420742&accessLevel=1
2026-10-05 20:59:40  WARNING   scrapers.redfin  aboveTheFold photo fetch failed for 11417332: 403 Client Error: Forbidden for url: https://www.redfin.com/stingray/api/home/details/aboveTheFold?propertyId=11417332&accessLevel=1
2026-10-05 20:59:41  WARNING   scrapers.redfin  aboveTheFold photo fetch failed for 182897712: 403 Client Error: Forbidden for url: https://www.redfin.com/stingray/api/home/details/aboveTheFold?propertyId=182897712&accessLevel=1
2026-10-05 20:59:42  WARNING   scrapers.redfin  aboveTheFold photo fetch failed for 201629466: 403 Client Error: Forbidden for url: https://www.redfin.com/stingray/api/home/details/aboveTheFold?propertyId=201629466&accessLevel=1
2026-10-05 20:59:42  WARNING   scrapers.redfin  aboveTheFold photo fetch failed for 202369121: 403 Client Error: Forbidden for url: https://www.redfin.com/stingray/api/home/details/aboveTheFold?propertyId=202369121&accessLevel=1
2026-10-05 20:59:43  WARNING   scrapers.redfin  aboveTheFold photo fetch failed for 201630070: 403 Client Error: Forbidden for url: https://www.redfin.com/stingray/api/home/details/aboveTheFold?propertyId=201630070&accessLevel=1
2026-10-05 20:59:44  WARNING   scrapers.redfin  aboveTheFold photo fetch failed for 201628391: 403 Client Error: Forbidden for url: https://www.redfin.com/stingray/api/home/details/aboveTheFold?propertyId=201628391&accessLevel=1
2026-10-05 20:59:44  INFO      scrapers.zillow  Zillow search: Newton, MA  url=https://www.zillow.com/homes/for_sale/Newton-MA_rb/?searchQueryState=%7B%22pagination%22%3A%7B%7D%2C%22filterState%22%3A%7B%22price%22%3A%7B%22min%22%3A2200000%2C%22max%22%3A3500000%7D%2C%22beds%22%3A%7B%22min%22%3A4%7D%2C%22baths%22%3A%7B%22min%22%3A3%7D%2C%22sqft%22%3A%7B%22min%22%3A3500%7D%2C%22isForSaleByAgent%22%3A%7B%22value%22%3Atrue%7D%2C%22isForSaleByOwner%22%3A%7B%22value%22%3Afalse%7D%2C%22isNewConstruction%22%3A%7B%22value%22%3Afalse%7D%2C%22isComingSoon%22%3A%7B%22value%22%3Afalse%7D%2C%22isAuction%22%3A%7B%22value%22%3Afalse%7D%2C%22isForSaleForeclosure%22%3A%7B%22value%22%3Afalse%7D%7D%2C%22isListVisible%22%3Atrue%7D
2026-10-05 20:59:46  WARNING   scrapers.zillow  Zillow: no __NEXT_DATA__ found for Newton, MA (possible bot block)
2026-10-05 20:59:46  INFO      scrapers.compass  Compass search: Newton, MA  url=https://www.compass.com/homes-for-sale/newton-ma/price-2200000,3500000/beds-4+/baths-3+/sqft-3500+/
2026-10-05 20:59:47  WARNING   scrapers.compass  Compass: could not parse listings for Newton, MA (possible bot block)
2026-10-05 20:59:48  WARNING   scrapers.redfin  Redfin region lookup failed for 'Waban, MA' (v=2): 404 Client Error: Not Found for url: https://www.redfin.com/stingray/api/search/autocomplete?location=Waban%2C+MA&v=2
2026-10-05 20:59:48  WARNING   scrapers.redfin  Redfin region lookup failed for 'Waban, MA' (v=3): 404 Client Error: Not Found for url: https://www.redfin.com/stingray/api/search/autocomplete?location=Waban%2C+MA&v=3
2026-10-05 20:59:48  INFO      scrapers.redfin  Redfin search: Waban, MA  region_id=28762  region_type=6
2026-10-05 20:59:48  INFO      scrapers.redfin  Redfin returned 38 homes for Waban, MA
2026-10-05 20:59:48  INFO      scrapers.redfin  Redfin sample home fields: price={'value': 1699000, 'level': 1} beds=5 baths=3.5 sqft={'value': 3803, 'level': 1} photoUrls=None
2026-10-05 20:59:48  INFO      scrapers.redfin  Redfin GIS home keys: ['mlsId', 'showMlsId', 'mlsStatus', 'showDatasourceLogo', 'price', 'hideSalePrice', 'hoa', 'isHoaFrequencyKnown', 'sqFt', 'pricePerSqFt', 'lotSize', 'beds', 'baths', 'fullBaths', 'partialBaths', 'location', 'latLong', 'streetLine', 'unitNumber', 'city', 'state', 'zip', 'postalCode', 'countryCode', 'showAddressOnMap', 'soldDate', 'searchStatus', 'propertyType', 'uiPropertyType', 'listingType', 'propertyId', 'listingId', 'dataSourceId', 'isEarlyAccess', 'marketId', 'yearBuilt', 'dom', 'timeOnRedfin', 'originalTimeOnRedfin', 'timeZone', 'primaryPhotoDisplayLevel', 'photos', 'numPictures', 'additionalPhotosInfo', 'photoFormat', 'url', 'insight', 'hasInsight', 'sashes', 'keyFacts', 'listingTags', 'isHot', 'hasVirtualTour', 'hasVideoTour', 'has3DTour', 'hasInteractiveFloorplan', 'newConstructionCommunityInfo', 'isRedfin', 'isNewConstruction', 'listingRemarks', 'remarksAccessLevel', 'businessMarketId', 'isShortlisted', 'isViewedListing', 'skGarageSpaces', 'skParkingSpaces', 'skPoolType']
2026-10-05 20:59:48  WARNING   scrapers.redfin  aboveTheFold photo fetch failed for 11429733: 403 Client Error: Forbidden for url: https://www.redfin.com/stingray/api/home/details/aboveTheFold?propertyId=11429733&accessLevel=1
2026-10-05 20:59:49  WARNING   scrapers.redfin  aboveTheFold photo fetch failed for 11450952: 403 Client Error: Forbidden for url: https://www.redfin.com/stingray/api/home/details/aboveTheFold?propertyId=11450952&accessLevel=1
2026-10-05 20:59:49  WARNING   scrapers.redfin  aboveTheFold photo fetch failed for 11445239: 403 Client Error: Forbidden for url: https://www.redfin.com/stingray/api/home/details/aboveTheFold?propertyId=11445239&accessLevel=1
2026-10-05 20:59:50  WARNING   scrapers.redfin  aboveTheFold photo fetch failed for 11458103: 403 Client Error: Forbidden for url: https://www.redfin.com/stingray/api/home/details/aboveTheFold?propertyId=11458103&accessLevel=1
2026-10-05 20:59:50  INFO      scrapers.zillow  Zillow search: Waban, MA  url=https://www.zillow.com/homes/for_sale/Newton-MA_rb/?searchQueryState=%7B%22pagination%22%3A%7B%7D%2C%22filterState%22%3A%7B%22price%22%3A%7B%22min%22%3A2200000%2C%22max%22%3A3500000%7D%2C%22beds%22%3A%7B%22min%22%3A4%7D%2C%22baths%22%3A%7B%22min%22%3A3%7D%2C%22sqft%22%3A%7B%22min%22%3A3500%7D%2C%22isForSaleByAgent%22%3A%7B%22value%22%3Atrue%7D%2C%22isForSaleByOwner%22%3A%7B%22value%22%3Afalse%7D%2C%22isNewConstruction%22%3A%7B%22value%22%3Afalse%7D%2C%22isComingSoon%22%3A%7B%22value%22%3Afalse%7D%2C%22isAuction%22%3A%7B%22value%22%3Afalse%7D%2C%22isForSaleForeclosure%22%3A%7B%22value%22%3Afalse%7D%7D%2C%22isListVisible%22%3Atrue%7D
2026-10-05 20:59:52  WARNING   scrapers.zillow  Zillow: no __NEXT_DATA__ found for Waban, MA (possible bot block)
2026-10-05 20:59:52  INFO      scrapers.compass  Compass search: Waban, MA  url=https://www.compass.com/homes-for-sale/newton-ma/price-2200000,3500000/beds-4+/baths-3+/sqft-3500+/
2026-10-05 20:59:53  WARNING   scrapers.compass  Compass: could not parse listings for Waban, MA (possible bot block)
2026-10-05 20:59:53  WARNING   scrapers.redfin  Redfin region lookup failed for 'Wellesley, MA' (v=2): 404 Client Error: Not Found for url: https://www.redfin.com/stingray/api/search/autocomplete?location=Wellesley%2C+MA&v=2
2026-10-05 20:59:53  WARNING   scrapers.redfin  Redfin region lookup failed for 'Wellesley, MA' (v=3): 404 Client Error: Not Found for url: https://www.redfin.com/stingray/api/search/autocomplete?location=Wellesley%2C+MA&v=3
2026-10-05 20:59:53  INFO      scrapers.redfin  Redfin search: Wellesley, MA  region_id=36180  region_type=6
2026-10-05 20:59:54  INFO      scrapers.redfin  Redfin returned 65 homes for Wellesley, MA
2026-10-05 20:59:54  INFO      scrapers.redfin  Redfin sample home fields: price={'value': 1595000, 'level': 1} beds=6 baths=3.5 sqft={'value': 4032, 'level': 1} photoUrls=None
2026-10-05 20:59:54  INFO      scrapers.redfin  Redfin GIS home keys: ['mlsId', 'showMlsId', 'mlsStatus', 'showDatasourceLogo', 'price', 'hideSalePrice', 'hoa', 'isHoaFrequencyKnown', 'sqFt', 'pricePerSqFt', 'lotSize', 'beds', 'baths', 'fullBaths', 'partialBaths', 'location', 'latLong', 'streetLine', 'unitNumber', 'city', 'state', 'zip', 'postalCode', 'countryCode', 'showAddressOnMap', 'searchStatus', 'propertyType', 'uiPropertyType', 'listingType', 'propertyId', 'listingId', 'dataSourceId', 'isEarlyAccess', 'marketId', 'yearBuilt', 'dom', 'timeOnRedfin', 'originalTimeOnRedfin', 'timeZone', 'primaryPhotoDisplayLevel', 'photos', 'numPictures', 'additionalPhotosInfo', 'photoFormat', 'url', 'hasInsight', 'sashes', 'keyFacts', 'listingTags', 'isHot', 'hasVirtualTour', 'hasVideoTour', 'has3DTour', 'hasInteractiveFloorplan', 'newConstructionCommunityInfo', 'isRedfin', 'isNewConstruction', 'listingRemarks', 'remarksAccessLevel', 'businessMarketId', 'isShortlisted', 'isViewedListing', 'skGarageSpaces', 'skParkingSpaces', 'skPoolType']
2026-10-05 20:59:54  WARNING   scrapers.redfin  aboveTheFold photo fetch failed for 8979317: 403 Client Error: Forbidden for url: https://www.redfin.com/stingray/api/home/details/aboveTheFold?propertyId=8979317&accessLevel=1
2026-10-05 20:59:55  WARNING   scrapers.redfin  aboveTheFold photo fetch failed for 8983418: 403 Client Error: Forbidden for url: https://www.redfin.com/stingray/api/home/details/aboveTheFold?propertyId=8983418&accessLevel=1
2026-10-05 20:59:55  WARNING   scrapers.redfin  aboveTheFold photo fetch failed for 8977129: 403 Client Error: Forbidden for url: https://www.redfin.com/stingray/api/home/details/aboveTheFold?propertyId=8977129&accessLevel=1
2026-10-05 20:59:56  WARNING   scrapers.redfin  aboveTheFold photo fetch failed for 8964975: 403 Client Error: Forbidden for url: https://www.redfin.com/stingray/api/home/details/aboveTheFold?propertyId=8964975&accessLevel=1
2026-10-05 20:59:56  WARNING   scrapers.redfin  aboveTheFold photo fetch failed for 8968591: 403 Client Error: Forbidden for url: https://www.redfin.com/stingray/api/home/details/aboveTheFold?propertyId=8968591&accessLevel=1
2026-10-05 20:59:57  WARNING   scrapers.redfin  aboveTheFold photo fetch failed for 8997293: 403 Client Error: Forbidden for url: https://www.redfin.com/stingray/api/home/details/aboveTheFold?propertyId=8997293&accessLevel=1
2026-10-05 20:59:57  WARNING   scrapers.redfin  aboveTheFold photo fetch failed for 8992623: 403 Client Error: Forbidden for url: https://www.redfin.com/stingray/api/home/details/aboveTheFold?propertyId=8992623&accessLevel=1
2026-10-05 20:59:58  WARNING   scrapers.redfin  aboveTheFold photo fetch failed for 11725543: 403 Client Error: Forbidden for url: https://www.redfin.com/stingray/api/home/details/aboveTheFold?propertyId=11725543&accessLevel=1
2026-10-05 20:59:58  WARNING   scrapers.redfin  aboveTheFold photo fetch failed for 8972267: 403 Client Error: Forbidden for url: https://www.redfin.com/stingray/api/home/details/aboveTheFold?propertyId=8972267&accessLevel=1
2026-10-05 20:59:58  WARNING   scrapers.redfin  aboveTheFold photo fetch failed for 8995271: 403 Client Error: Forbidden for url: https://www.redfin.com/stingray/api/home/details/aboveTheFold?propertyId=8995271&accessLevel=1
2026-10-05 20:59:59  WARNING   scrapers.redfin  aboveTheFold photo fetch failed for 8995275: 403 Client Error: Forbidden for url: https://www.redfin.com/stingray/api/home/details/aboveTheFold?propertyId=8995275&accessLevel=1
2026-10-05 20:59:59  WARNING   scrapers.redfin  aboveTheFold photo fetch failed for 8990364: 403 Client Error: Forbidden for url: https://www.redfin.com/stingray/api/home/details/aboveTheFold?propertyId=8990364&accessLevel=1
2026-10-05 21:00:00  WARNING   scrapers.redfin  aboveTheFold photo fetch failed for 8984369: 403 Client Error: Forbidden for url: https://www.redfin.com/stingray/api/home/details/aboveTheFold?propertyId=8984369&accessLevel=1
2026-10-05 21:00:00  WARNING   scrapers.redfin  aboveTheFold photo fetch failed for 8970310: 403 Client Error: Forbidden for url: https://www.redfin.com/stingray/api/home/details/aboveTheFold?propertyId=8970310&accessLevel=1
2026-10-05 21:00:00  WARNING   scrapers.redfin  aboveTheFold photo fetch failed for 178660477: 403 Client Error: Forbidden for url: https://www.redfin.com/stingray/api/home/details/aboveTheFold?propertyId=178660477&accessLevel=1
2026-10-05 21:00:00  INFO      scrapers.zillow  Zillow search: Wellesley, MA  url=https://www.zillow.com/homes/for_sale/Wellesley-MA_rb/?searchQueryState=%7B%22pagination%22%3A%7B%7D%2C%22filterState%22%3A%7B%22price%22%3A%7B%22min%22%3A2200000%2C%22max%22%3A3500000%7D%2C%22beds%22%3A%7B%22min%22%3A4%7D%2C%22baths%22%3A%7B%22min%22%3A3%7D%2C%22sqft%22%3A%7B%22min%22%3A3500%7D%2C%22isForSaleByAgent%22%3A%7B%22value%22%3Atrue%7D%2C%22isForSaleByOwner%22%3A%7B%22value%22%3Afalse%7D%2C%22isNewConstruction%22%3A%7B%22value%22%3Afalse%7D%2C%22isComingSoon%22%3A%7B%22value%22%3Afalse%7D%2C%22isAuction%22%3A%7B%22value%22%3Afalse%7D%2C%22isForSaleForeclosure%22%3A%7B%22value%22%3Afalse%7D%7D%2C%22isListVisible%22%3Atrue%7D
2026-10-05 21:00:02  WARNING   scrapers.zillow  Zillow: no __NEXT_DATA__ found for Wellesley, MA (possible bot block)
2026-10-05 21:00:02  INFO      scrapers.compass  Compass search: Wellesley, MA  url=https://www.compass.com/homes-for-sale/wellesley-ma/price-2200000,3500000/beds-4+/baths-3+/sqft-3500+/
2026-10-05 21:00:04  WARNING   scrapers.compass  Compass: could not parse listings for Wellesley, MA (possible bot block)
2026-10-05 21:00:04  INFO      __main__  After dedup: 76 unique listings
2026-10-05 21:00:04  INFO      commute  Checking commutes via Haversine (free, rush-hour estimate) (limit: 35 min)
2026-10-05 21:00:48  WARNING   commute  Nominatim: no results for '79 Woodchester Dr, Chestnut Hill, MA 02467'
2026-10-05 21:00:52  WARNING   commute  Nominatim: no results for '80 High Rock Ter, Chestnut Hill, MA 02467'
2026-10-05 21:00:53  WARNING   commute  Nominatim: no results for '127 Commonwealth Ave, Chestnut Hill, MA 02467'
2026-10-05 21:01:13  WARNING   commute  Nominatim: no results for '31 Kesseler Way, Chestnut Hill, MA 02467'
2026-10-05 21:01:41  WARNING   commute  Nominatim: no results for '22 Scotney Rd, Chestnut Hill, MA 02467'
2026-10-05 21:02:12  INFO      commute  Filtered: 21 Elmwood Rd, Wellesley, MA 02481  (37 min est. > 35 min limit)
2026-10-05 21:02:14  INFO      commute  Filtered: 3 MacArthur Rd, Wellesley, MA 02482  (37 min est. > 35 min limit)
2026-10-05 21:02:20  INFO      commute  Filtered: 12 Mellon Rd, Wellesley, MA 02482  (37 min est. > 35 min limit)
2026-10-05 21:02:22  INFO      commute  Filtered: 265 Weston Rd, Wellesley, MA 02482  (37 min est. > 35 min limit)
2026-10-05 21:02:30  INFO      __main__  72 / 76 listings pass commute filter
2026-10-05 21:02:30  INFO      __main__  Wrote 72 listings to docs/listings.json
2026-10-05 21:02:30  INFO      database  Upserted 72 listings into database
2026-10-05 21:02:30  ERROR     emailer  Failed to send email: please run connect() first
2026-10-05 21:02:30  ERROR     __main__  Email failed — listings NOT marked seen (will retry next run).
--- exit code: 0 ---
